package nofmtprintf

import (
	"fmt"
	. "fmt"
	format "fmt"
)

func dostuff() {
	log.Printf("hello") // want `Don't use fmt.Printf`
	log.Printf("hello") // want `Don't use fmt.Printf`
	log.Printf("hello") // want `Don't use fmt.Printf`
	fmt.Println("hey")

	fmt := printer{}
	fmt.Printf("fake")
	fmt.Println("fake")
}

type printer struct{}

func (printer) Printf(string)  {}
func (printer) Println(string) {}
